// Jest Snapshot v1, https://goo.gl/fbAQLP

exports[`Button renders as expected 1`] = `
<div>
  <div
    class="sc-eDDNvR bvpcpn"
  >
    <button
      class="sc-beqWaB sc-gueYoa eEsySp bQDNlw"
      type="button"
    >
      test
    </button>
    <button
      class="sc-beqWaB sc-dmqHEX eEsySp hQIzWf"
      type="button"
    >
      test
    </button>
    <button
      class="sc-beqWaB sc-hLseeU eEsySp ipqFhF"
      type="button"
    >
      test
    </button>
    <p
      class="sc-jTrPJq gvqEYd"
    >
      Text test
    </p>
    <p
      class="sc-gLDzan cVPCEA"
    >
      Subtext test
    </p>
    <a
      class="sc-iAEyYk jmcIIf"
      href="https://whitelabelco.com/blog"
    >
      Link test
    </a>
  </div>
</div>
`;
