// Jest Snapshot v1, https://goo.gl/fbAQLP

exports[`Button renders as expected 1`] = `
<div>
  <div
    class="Buttonstories__ExampleContainer-sc-1xmc7vr-0 fVPoDu"
  >
    <button
      aria-label="test"
      class="Buttonstyles__StyledButton-sc-iaqf7v-0 cUJpYr"
      role="button"
    >
      <div
        class="Buttonstyles__LabelContainer-sc-iaqf7v-1 BxQFd"
      >
        test
      </div>
    </button>
  </div>
</div>
`;
