// Jest Snapshot v1, https://goo.gl/fbAQLP

exports[`Text Button Snapshot renders as expected 1`] = `
<div>
  <div
    class="Textstories__ExampleContainer-sc-qty84t-0 iHIlWT"
  >
    <p
      class="Textstyles__StyledText-sc-1gtiq3l-0 gomlEp"
      color="base"
      overflow="break"
      role="p"
    >
      Text it out
    </p>
  </div>
</div>
`;
